// Jest Snapshot v1, https://goo.gl/fbAQLP

exports[`<GridContent /> should render 1`] = `
.c0 {
  max-width: 85.375rem;
  margin: 0 auto;
  padding: 0 4rem;
}

.c1 {
  display: grid;
  grid-template-columns: repeat(auto-fit,minMax(250px,1fr));
  gap: 88px 30px;
}

<div>
  <div
    class="c0"
  >
    <div
      class="c1"
    >
      children
    </div>
  </div>
</div>
`;
